// Jest Snapshot v1, https://goo.gl/fbAQLP

exports[`Icon debe de hacer match con el snapshot Icon 1`] = `
{
  "asFragment": [Function],
  "baseElement": <body>
    <div>
      <svg
        height="30"
        viewBox="0 0 32 32"
        width="30"
        xmlns="http://www.w3.org/2000/svg"
      >
        <path
          d="M16 2 2.966 6.648l1.988 17.234L16 30l11.046-6.118 1.988-17.234L16 2z"
          style="fill: #dd0031;"
        />
        <path
          d="M16 2v3.108-.014V30l11.046-6.118 1.988-17.234L16 2z"
          style="fill: #c3002f;"
        />
        <path
          d="m16 5.094-8.148 18.27h3.038l1.638-4.088h6.916l1.638 4.088h3.038L16 5.094Zm2.38 11.662h-4.76L16 11.03Z"
          style="fill: #fff;"
        />
      </svg>
    </div>
  </body>,
  "container": <div>
    <svg
      height="30"
      viewBox="0 0 32 32"
      width="30"
      xmlns="http://www.w3.org/2000/svg"
    >
      <path
        d="M16 2 2.966 6.648l1.988 17.234L16 30l11.046-6.118 1.988-17.234L16 2z"
        style="fill: #dd0031;"
      />
      <path
        d="M16 2v3.108-.014V30l11.046-6.118 1.988-17.234L16 2z"
        style="fill: #c3002f;"
      />
      <path
        d="m16 5.094-8.148 18.27h3.038l1.638-4.088h6.916l1.638 4.088h3.038L16 5.094Zm2.38 11.662h-4.76L16 11.03Z"
        style="fill: #fff;"
      />
    </svg>
  </div>,
  "debug": [Function],
  "findAllByAltText": [Function],
  "findAllByDisplayValue": [Function],
  "findAllByLabelText": [Function],
  "findAllByPlaceholderText": [Function],
  "findAllByRole": [Function],
  "findAllByTestId": [Function],
  "findAllByText": [Function],
  "findAllByTitle": [Function],
  "findByAltText": [Function],
  "findByDisplayValue": [Function],
  "findByLabelText": [Function],
  "findByPlaceholderText": [Function],
  "findByRole": [Function],
  "findByTestId": [Function],
  "findByText": [Function],
  "findByTitle": [Function],
  "getAllByAltText": [Function],
  "getAllByDisplayValue": [Function],
  "getAllByLabelText": [Function],
  "getAllByPlaceholderText": [Function],
  "getAllByRole": [Function],
  "getAllByTestId": [Function],
  "getAllByText": [Function],
  "getAllByTitle": [Function],
  "getByAltText": [Function],
  "getByDisplayValue": [Function],
  "getByLabelText": [Function],
  "getByPlaceholderText": [Function],
  "getByRole": [Function],
  "getByTestId": [Function],
  "getByText": [Function],
  "getByTitle": [Function],
  "queryAllByAltText": [Function],
  "queryAllByDisplayValue": [Function],
  "queryAllByLabelText": [Function],
  "queryAllByPlaceholderText": [Function],
  "queryAllByRole": [Function],
  "queryAllByTestId": [Function],
  "queryAllByText": [Function],
  "queryAllByTitle": [Function],
  "queryByAltText": [Function],
  "queryByDisplayValue": [Function],
  "queryByLabelText": [Function],
  "queryByPlaceholderText": [Function],
  "queryByRole": [Function],
  "queryByTestId": [Function],
  "queryByText": [Function],
  "queryByTitle": [Function],
  "rerender": [Function],
  "unmount": [Function],
}
`;
